[    0.000000] Initializing cgroup subsys cpuset
[    0.000000] Initializing cgroup subsys cpu
[    0.000000] Initializing cgroup subsys cpuacct
[    0.000000] Linux version 4.4.0-210-generic (buildd@lgw01-amd64-009) (gcc version 5.4.0 20160609 (Ubuntu 5.4.0-6ubuntu1~16.04.12) ) #242-Ubuntu SMP Fri Apr 16 09:57:56 UTC 2021 (Ubuntu 4.4.0-210.242-generic 4.4.262)
[    0.000000] Command line: BOOT_IMAGE=/boot/vmlinuz-4.4.0-210-generic root=LABEL=cloudimg-rootfs ro console=tty1 console=ttyS0
[    0.000000] KERNEL supported cpus:
[    0.000000]   Intel GenuineIntel
[    0.000000]   AMD AuthenticAMD
[    0.000000]   Centaur CentaurHauls
[    0.000000] x86/fpu: xstate_offset[2]:  576, xstate_sizes[2]:  256
[    0.000000] x86/fpu: Supporting XSAVE feature 0x01: 'x87 floating point registers'
[    0.000000] x86/fpu: Supporting XSAVE feature 0x02: 'SSE registers'
[    0.000000] x86/fpu: Supporting XSAVE feature 0x04: 'AVX registers'
[    0.000000] x86/fpu: Enabled xstate features 0x7, context size is 832 bytes, using 'standard' format.
[    0.000000] e820: BIOS-provided physical RAM map:
[    0.000000] BIOS-e820: [mem 0x0000000000000000-0x000000000009fbff] usable
[    0.000000] BIOS-e820: [mem 0x000000000009fc00-0x000000000009ffff] reserved
[    0.000000] BIOS-e820: [mem 0x00000000000f0000-0x00000000000fffff] reserved
[    0.000000] BIOS-e820: [mem 0x0000000000100000-0x000000003ffeffff] usable
[    0.000000] BIOS-e820: [mem 0x000000003fff0000-0x000000003fffffff] ACPI data
[    0.000000] BIOS-e820: [mem 0x00000000fec00000-0x00000000fec00fff] reserved
[    0.000000] BIOS-e820: [mem 0x00000000fee00000-0x00000000fee00fff] reserved
[    0.000000] BIOS-e820: [mem 0x00000000fffc0000-0x00000000ffffffff] reserved
[    0.000000] NX (Execute Disable) protection: active
[    0.000000] SMBIOS 2.5 present.
[    0.000000] Hypervisor detected: KVM
[    0.000000] e820: last_pfn = 0x3fff0 max_arch_pfn = 0x400000000
[    0.000000] MTRR: Disabled
[    0.000000] x86/PAT: MTRRs disabled, skipping PAT initialization too.
[    0.000000] CPU MTRRs all blank - virtualized system.
[    0.000000] x86/PAT: Configuration [0-7]: WB  WT  UC- UC  WB  WT  UC- UC  
[    0.000000] found SMP MP-table at [mem 0x0009fff0-0x0009ffff] mapped at [ffff88000009fff0]
[    0.000000] Scanning 1 areas for low memory corruption
[    0.000000] RAMDISK: [mem 0x362dc000-0x37165fff]
[    0.000000] ACPI: Early table checksum verification disabled
[    0.000000] ACPI: RSDP 0x00000000000E0000 000024 (v02 VBOX  )
[    0.000000] ACPI: XSDT 0x000000003FFF0030 00003C (v01 VBOX   VBOXXSDT 00000001 ASL  00000061)
[    0.000000] ACPI: FACP 0x000000003FFF00F0 0000F4 (v04 VBOX   VBOXFACP 00000001 ASL  00000061)
[    0.000000] ACPI: DSDT 0x000000003FFF0610 002353 (v02 VBOX   VBOXBIOS 00000002 INTL 20210930)
[    0.000000] ACPI: FACS 0x000000003FFF0200 000040
[    0.000000] ACPI: FACS 0x000000003FFF0200 000040
[    0.000000] ACPI: APIC 0x000000003FFF0240 00005C (v02 VBOX   VBOXAPIC 00000001 ASL  00000061)
[    0.000000] ACPI: SSDT 0x000000003FFF02A0 00036C (v01 VBOX   VBOXCPUT 00000002 INTL 20210930)
[    0.000000] No NUMA configuration found
[    0.000000] Faking a node at [mem 0x0000000000000000-0x000000003ffeffff]
[    0.000000] NODE_DATA(0) allocated [mem 0x3ffeb000-0x3ffeffff]
[    0.000000] kvm-clock: Using msrs 4b564d01 and 4b564d00
[    0.000000] kvm-clock: cpu 0, msr 0:3ffe3001, primary cpu clock
[    0.000000] kvm-clock: using sched offset of 3768369442 cycles
[    0.000000] clocksource: kvm-clock: mask: 0xffffffffffffffff max_cycles: 0x1cd42e4dffb, max_idle_ns: 881590591483 ns
[    0.000000] Zone ranges:
[    0.000000]   DMA      [mem 0x0000000000001000-0x0000000000ffffff]
[    0.000000]   DMA32    [mem 0x0000000001000000-0x000000003ffeffff]
[    0.000000]   Normal   empty
[    0.000000]   Device   empty
[    0.000000] Movable zone start for each node
[    0.000000] Early memory node ranges
[    0.000000]   node   0: [mem 0x0000000000001000-0x000000000009efff]
[    0.000000]   node   0: [mem 0x0000000000100000-0x000000003ffeffff]
[    0.000000] Initmem setup node 0 [mem 0x0000000000001000-0x000000003ffeffff]
[    0.000000] ACPI: PM-Timer IO Port: 0x4008
[    0.000000] IOAPIC[0]: apic_id 2, version 32, address 0xfec00000, GSI 0-23
[    0.000000] ACPI: INT_SRC_OVR (bus 0 bus_irq 0 global_irq 2 dfl dfl)
[    0.000000] ACPI: INT_SRC_OVR (bus 0 bus_irq 9 global_irq 9 low level)
[    0.000000] Using ACPI (MADT) for SMP configuration information
[    0.000000] smpboot: Allowing 2 CPUs, 0 hotplug CPUs
[    0.000000] PM: Registered nosave memory: [mem 0x00000000-0x00000fff]
[    0.000000] PM: Registered nosave memory: [mem 0x0009f000-0x0009ffff]
[    0.000000] PM: Registered nosave memory: [mem 0x000a0000-0x000effff]
[    0.000000] PM: Registered nosave memory: [mem 0x000f0000-0x000fffff]
[    0.000000] e820: [mem 0x40000000-0xfebfffff] available for PCI devices
[    0.000000] Booting paravirtualized kernel on KVM
[    0.000000] clocksource: refined-jiffies: mask: 0xffffffff max_cycles: 0xffffffff, max_idle_ns: 7645519600211568 ns
[    0.000000] setup_percpu: NR_CPUS:512 nr_cpumask_bits:512 nr_cpu_ids:2 nr_node_ids:1
[    0.000000] PERCPU: Embedded 33 pages/cpu @ffff88003fc00000 s95192 r8192 d31784 u1048576
[    0.000000] Built 1 zonelists in Node order, mobility grouping on.  Total pages: 257912
[    0.000000] Policy zone: DMA32
[    0.000000] Kernel command line: BOOT_IMAGE=/boot/vmlinuz-4.4.0-210-generic root=LABEL=cloudimg-rootfs ro console=tty1 console=ttyS0
[    0.000000] PID hash table entries: 4096 (order: 3, 32768 bytes)
[    0.000000] Memory: 997792K/1048120K available (8644K kernel code, 1332K rwdata, 4044K rodata, 1492K init, 1164K bss, 50328K reserved, 0K cma-reserved)
[    0.000000] SLUB: HWalign=64, Order=0-3, MinObjects=0, CPUs=2, Nodes=1
[    0.000000] Kernel/User page tables isolation: enabled
[    0.000000] Hierarchical RCU implementation.
[    0.000000] 	Build-time adjustment of leaf fanout to 64.
[    0.000000] 	RCU restricting CPUs from NR_CPUS=512 to nr_cpu_ids=2.
[    0.000000] RCU: Adjusting geometry for rcu_fanout_leaf=64, nr_cpu_ids=2
[    0.000000] NR_IRQS:33024 nr_irqs:440 16
[    0.000000] Console: colour VGA+ 80x25
[    0.000000] console [tty1] enabled
[    0.000000] console [ttyS0] enabled
[    0.000000] tsc: Detected 2210.818 MHz processor
[    0.461737] Calibrating delay loop (skipped) preset value.. 4421.63 BogoMIPS (lpj=8843272)
[    0.468439] pid_max: default: 32768 minimum: 301
[    0.472062] ACPI: Core revision 20150930
[    0.476065] ACPI: 2 ACPI AML tables successfully acquired and loaded
[    0.481989] Security Framework initialized
[    0.484812] Yama: becoming mindful.
[    0.489772] AppArmor: AppArmor initialized
[    0.493068] Dentry cache hash table entries: 131072 (order: 8, 1048576 bytes)
[    0.501375] Inode-cache hash table entries: 65536 (order: 7, 524288 bytes)
[    0.507338] Mount-cache hash table entries: 2048 (order: 2, 16384 bytes)
[    0.512945] Mountpoint-cache hash table entries: 2048 (order: 2, 16384 bytes)
[    0.519829] Initializing cgroup subsys io
[    0.522967] Initializing cgroup subsys memory
[    0.526103] Initializing cgroup subsys devices
[    0.529730] Initializing cgroup subsys freezer
[    0.532768] Initializing cgroup subsys net_cls
[    0.536631] Initializing cgroup subsys perf_event
[    0.540408] Initializing cgroup subsys net_prio
[    0.544848] Initializing cgroup subsys hugetlb
[    0.548698] Initializing cgroup subsys pids
[    0.560335] mce: CPU supports 0 MCE banks
[    0.564025] Last level iTLB entries: 4KB 64, 2MB 8, 4MB 8
[    0.568052] Last level dTLB entries: 4KB 64, 2MB 0, 4MB 0, 1GB 4
[    0.572153] Spectre V1 : Mitigation: usercopy/swapgs barriers and __user pointer sanitization
[    0.578546] Spectre V2 : Mitigation: Full generic retpoline
[    0.583426] Spectre V2 : Spectre v2 / SpectreRSB mitigation: Filling RSB on context switch
[    0.589034] Speculative Store Bypass: Vulnerable
[    0.592434] SRBDS: Unknown: Dependent on hypervisor status
[    0.596886] MDS: Mitigation: Clear CPU buffers
[    0.634876] Freeing SMP alternatives memory: 36K
[    0.711517] ftrace: allocating 32380 entries in 127 pages
[    1.254012] smpboot: APIC(0) Converting physical 0 to logical package 0
[    1.258669] smpboot: Max logical packages: 1
[    1.263889] x2apic enabled
[    1.267575] Switched APIC routing to physical x2apic.
[    1.279546] ..TIMER: vector=0x30 apic1=0 pin1=2 apic2=-1 pin2=-1
[    1.391828] APIC calibration not consistent with PM-Timer: 101ms instead of 100ms
[    1.397761] APIC delta adjusted to PM-Timer: 6268965 (6363327)
[    1.401855] smpboot: CPU0: Intel(R) Core(TM) i7-5650U CPU @ 2.20GHz (family: 0x6, model: 0x3d, stepping: 0x4)
[    1.409202] Performance Events: unsupported p6 CPU model 61 no PMU driver, software events only.
[    1.493483] KVM setup paravirtual spinlock
[    1.497842] x86: Booting SMP configuration:
[    1.501188] .... node  #0, CPUs:      #1
[    1.505467] kvm-clock: cpu 1, msr 0:3ffe3041, secondary cpu clock
[    1.517673] mce: CPU supports 0 MCE banks
[    1.522117] x86: Booted up 1 node, 2 CPUs
[    1.525842] smpboot: Total of 2 processors activated (8843.27 BogoMIPS)
[    1.532445] devtmpfs: initialized
[    1.535968] evm: security.selinux
[    1.538288] evm: security.SMACK64
[    1.541202] evm: security.SMACK64EXEC
[    1.543752] evm: security.SMACK64TRANSMUTE
[    1.546602] evm: security.SMACK64MMAP
[    1.549290] evm: security.ima
[    1.551431] evm: security.capability
[    1.554322] clocksource: jiffies: mask: 0xffffffff max_cycles: 0xffffffff, max_idle_ns: 7645041785100000 ns
[    1.560773] futex hash table entries: 512 (order: 3, 32768 bytes)
[    1.565335] pinctrl core: initialized pinctrl subsystem
[    1.569191] RTC time: 14:48:03, date: 07/26/24
[    1.573122] NET: Registered protocol family 16
[    1.589624] cpuidle: using governor ladder
[    1.608612] cpuidle: using governor menu
[    1.613730] PCCT header not found.
[    1.616478] ACPI: bus type PCI registered
[    1.619337] acpiphp: ACPI Hot Plug PCI Controller Driver version: 0.5
[    1.623951] PCI: Using configuration type 1 for base access
[    1.643405] ACPI: Added _OSI(Module Device)
[    1.647414] ACPI: Added _OSI(Processor Device)
[    1.650384] ACPI: Added _OSI(3.0 _SCP Extensions)
[    1.653733] ACPI: Added _OSI(Processor Aggregator Device)
[    1.658375] ACPI: Executed 1 blocks of module-level executable AML code
[    1.666896] ACPI: Interpreter enabled
[    1.669539] ACPI: (supports S0 S5)
[    1.671994] ACPI: Using IOAPIC for interrupt routing
[    1.675833] PCI: Using host bridge windows from ACPI; if necessary, use "pci=nocrs" and report a bug
[    1.689811] ACPI: PCI Root Bridge [PCI0] (domain 0000 [bus 00-ff])
[    1.694380] acpi PNP0A03:00: _OSC: OS supports [ASPM ClockPM Segments MSI]
[    1.699513] acpi PNP0A03:00: _OSC: not requesting OS control; OS requires [ExtendedConfig ASPM ClockPM MSI]
[    1.705786] acpi PNP0A03:00: fail to add MMCONFIG information, can't access extended PCI configuration space under this bridge.
[    1.714402] PCI host bridge to bus 0000:00
[    1.717812] pci_bus 0000:00: root bus resource [io  0x0000-0x0cf7 window]
[    1.722562] pci_bus 0000:00: root bus resource [io  0x0d00-0xffff window]
[    1.727441] pci_bus 0000:00: root bus resource [mem 0x000a0000-0x000bffff window]
[    1.732511] pci_bus 0000:00: root bus resource [mem 0x40000000-0xfdffffff window]
[    1.737415] pci_bus 0000:00: root bus resource [bus 00-ff]
[    1.760164] pci 0000:00:01.1: legacy IDE quirk: reg 0x10: [io  0x01f0-0x01f7]
[    1.765059] pci 0000:00:01.1: legacy IDE quirk: reg 0x14: [io  0x03f6]
[    1.769282] pci 0000:00:01.1: legacy IDE quirk: reg 0x18: [io  0x0170-0x0177]
[    1.773977] pci 0000:00:01.1: legacy IDE quirk: reg 0x1c: [io  0x0376]
[    1.849120] pci 0000:00:07.0: quirk: [io  0x4000-0x403f] claimed by PIIX4 ACPI
[    1.854309] pci 0000:00:07.0: quirk: [io  0x4100-0x410f] claimed by PIIX4 SMB
[    1.868830] ACPI: PCI Interrupt Link [LNKA] (IRQs 5 9 10 *11)
[    1.875174] ACPI: PCI Interrupt Link [LNKB] (IRQs 5 9 *10 11)
[    1.881448] ACPI: PCI Interrupt Link [LNKC] (IRQs 5 *9 10 11)
[    1.887214] ACPI: PCI Interrupt Link [LNKD] (IRQs 5 9 10 *11)
[    1.893675] ACPI: Enabled 2 GPEs in block 00 to 07
[    1.898170] vgaarb: setting as boot device: PCI:0000:00:02.0
[    1.902210] vgaarb: device added: PCI:0000:00:02.0,decodes=io+mem,owns=io+mem,locks=none
[    1.907675] vgaarb: loaded
[    1.909969] vgaarb: bridge control possible 0000:00:02.0
[    1.914432] SCSI subsystem initialized
[    1.917243] ACPI: bus type USB registered
[    1.920055] usbcore: registered new interface driver usbfs
[    1.923879] usbcore: registered new interface driver hub
[    1.928109] usbcore: registered new device driver usb
[    1.932406] PCI: Using ACPI for IRQ routing
[    1.936137] NetLabel: Initializing
[    1.938953] NetLabel:  domain hash size = 128
[    1.942248] NetLabel:  protocols = UNLABELED CIPSOv4
[    1.945530] NetLabel:  unlabeled traffic allowed by default
[    1.949597] amd_nb: Cannot enumerate AMD northbridges
[    1.953074] clocksource: Switched to clocksource kvm-clock
[    1.974846] AppArmor: AppArmor Filesystem Enabled
[    1.978851] pnp: PnP ACPI init
[    1.983543] pnp: PnP ACPI: found 3 devices
[    2.011223] clocksource: acpi_pm: mask: 0xffffff max_cycles: 0xffffff, max_idle_ns: 2085701024 ns
[    2.019955] NET: Registered protocol family 2
[    2.026518] TCP established hash table entries: 8192 (order: 4, 65536 bytes)
[    2.033825] TCP bind hash table entries: 8192 (order: 5, 131072 bytes)
[    2.040122] TCP: Hash tables configured (established 8192 bind 8192)
[    2.047193] UDP hash table entries: 512 (order: 2, 16384 bytes)
[    2.053492] UDP-Lite hash table entries: 512 (order: 2, 16384 bytes)
[    2.060131] NET: Registered protocol family 1
[    2.065961] pci 0000:00:00.0: Limiting direct PCI/PCI transfers
[    2.072082] pci 0000:00:01.0: Activating ISA DMA hang workarounds
[    2.081376] Unpacking initramfs...
[    2.364162] Freeing initrd memory: 14888K
[    2.369768] RAPL PMU detected, API unit is 2^-32 Joules, 4 fixed counters 10737418240 ms ovfl timer
[    2.379670] hw unit of domain pp0-core 2^-0 Joules
[    2.383456] hw unit of domain package 2^-0 Joules
[    2.387089] hw unit of domain dram 2^-0 Joules
[    2.390553] hw unit of domain pp1-gpu 2^-0 Joules
[    2.395297] clocksource: tsc: mask: 0xffffffffffffffff max_cycles: 0x1fde1e06738, max_idle_ns: 440795216237 ns
[    2.403417] platform rtc_cmos: registered platform RTC device (no PNP device found)
[    2.409299] Scanning for low memory corruption every 60 seconds
[    2.414556] audit: initializing netlink subsys (disabled)
[    2.420841] audit: type=2000 audit(1722005287.966:1): initialized
[    2.425548] Initialise system trusted keyring
[    2.429463] HugeTLB registered 2 MB page size, pre-allocated 0 pages
[    2.436101] zbud: loaded
[    2.439065] VFS: Disk quotas dquot_6.6.0
[    2.443382] VFS: Dquot-cache hash table entries: 512 (order 0, 4096 bytes)
[    2.448766] squashfs: version 4.0 (2009/01/31) Phillip Lougher
[    2.454229] fuse init (API version 7.23)
[    2.457968] Key type big_key registered
[    2.461150] Allocating IMA MOK and blacklist keyrings.
[    2.469021] Key type asymmetric registered
[    2.472024] Asymmetric key parser 'x509' registered
[    2.476112] Block layer SCSI generic (bsg) driver version 0.4 loaded (major 249)
[    2.482720] io scheduler noop registered
[    2.486087] io scheduler deadline registered (default)
[    2.490157] io scheduler cfq registered
[    2.493258] pci_hotplug: PCI Hot Plug PCI Core version: 0.5
[    2.497786] pciehp: PCI Express Hot Plug Controller Driver version: 0.4
[    2.502779] ACPI: AC Adapter [AC] (on-line)
[    2.506065] input: Power Button as /devices/LNXSYSTM:00/LNXPWRBN:00/input/input0
[    2.512504] ACPI: Power Button [PWRF]
[    2.515909] input: Sleep Button as /devices/LNXSYSTM:00/LNXSLPBN:00/input/input1
[    2.521716] ACPI: Sleep Button [SLPF]
[    2.527361] ACPI: Battery Slot [BAT0] (battery present)
[    2.531230] GHES: HEST is not enabled!
[    2.534256] Serial: 8250/16550 driver, 32 ports, IRQ sharing enabled
[    2.564917] 00:02: ttyS0 at I/O 0x3f8 (irq = 4, base_baud = 115200) is a 16550A
[    2.572821] Linux agpgart interface v0.103
[    2.580080] loop: module loaded
[    2.584220] scsi host0: ata_piix
[    2.588140] scsi host1: ata_piix
[    2.590737] ata1: PATA max UDMA/33 cmd 0x1f0 ctl 0x3f6 bmdma 0xd000 irq 14
[    2.595515] ata2: PATA max UDMA/33 cmd 0x170 ctl 0x376 bmdma 0xd008 irq 15
[    2.602340] libphy: Fixed MDIO Bus: probed
[    2.605576] tun: Universal TUN/TAP device driver, 1.6
[    2.609483] tun: (C) 1999-2004 Max Krasnyansky <maxk@qualcomm.com>
[    2.614025] PPP generic driver version 2.4.2
[    2.617945] ehci_hcd: USB 2.0 'Enhanced' Host Controller (EHCI) Driver
[    2.622511] ehci-pci: EHCI PCI platform driver
[    2.626323] ehci-platform: EHCI generic platform driver
[    2.630131] ohci_hcd: USB 1.1 'Open' Host Controller (OHCI) Driver
[    2.634801] ohci-pci: OHCI PCI platform driver
[    2.638435] ohci-platform: OHCI generic platform driver
[    2.642621] uhci_hcd: USB Universal Host Controller Interface driver
[    2.647360] i8042: PNP: PS/2 Controller [PNP0303:PS2K,PNP0f03:PS2M] at 0x60,0x64 irq 1,12
[    2.655587] serio: i8042 KBD port at 0x60,0x64 irq 1
[    2.660130] serio: i8042 AUX port at 0x60,0x64 irq 12
[    2.664170] mousedev: PS/2 mouse device common for all mice
[    2.670405] rtc_cmos rtc_cmos: rtc core: registered rtc_cmos as rtc0
[    2.675980] input: AT Translated Set 2 keyboard as /devices/platform/i8042/serio0/input/input2
[    2.682514] rtc_cmos rtc_cmos: alarms up to one day, 114 bytes nvram
[    2.687247] i2c /dev entries driver
[    2.691335] device-mapper: uevent: version 1.0.3
[    2.694763] device-mapper: ioctl: 4.34.0-ioctl (2015-10-28) initialised: dm-devel@redhat.com
[    2.701176] ledtrig-cpu: registered to indicate activity on CPUs
[    2.706261] NET: Registered protocol family 10
[    2.710809] NET: Registered protocol family 17
[    2.714638] Key type dns_resolver registered
[    2.718371] registered taskstats version 1
[    2.721852] Loading compiled-in X.509 certificates
[    2.726010] Loaded X.509 cert 'Build time autogenerated kernel key: cf00e047681d67edb2720680708b7d9498083038'
[    2.733743] zswap: loaded using pool lzo/zbud
[    2.741455] Key type trusted registered
[    2.750080] Key type encrypted registered
[    2.753204] AppArmor: AppArmor sha1 policy hashing enabled
[    2.783584] ima: No TPM chip found, activating TPM-bypass!
[    2.797576] ima: Allocated hash algorithm: sha1
[    2.801875] evm: HMAC attrs: 0x1
[    2.815086]   Magic number: 0:234:840
[    2.818799] rtc_cmos rtc_cmos: setting system clock to 2024-07-26 14:48:04 UTC (1722005284)
[    2.825656] BIOS EDD facility v0.16 2004-Jun-25, 0 devices found
[    2.829829] EDD information not available.
[    2.835281] Freeing unused kernel memory: 1492K
[    2.849718] Write protecting the kernel read-only data: 14336k
[    2.856990] Freeing unused kernel memory: 1584K
[    2.860682] Freeing unused kernel memory: 52K
Loading, please wait...
starting version 229
[    2.885186] random: systemd-udevd: uninitialized urandom read (16 bytes read, 5 bits of entropy available)
[    2.887297] random: udevadm: uninitialized urandom read (16 bytes read, 5 bits of entropy available)
[    2.887349] random: udevadm: uninitialized urandom read (16 bytes read, 5 bits of entropy available)
[    2.908256] random: systemd-udevd: uninitialized urandom read (16 bytes read, 5 bits of entropy available)
[    2.911068] random: udevadm: uninitialized urandom read (16 bytes read, 5 bits of entropy available)
[    2.911136] random: udevadm: uninitialized urandom read (16 bytes read, 5 bits of entropy available)
[    2.911651] random: udevadm: uninitialized urandom read (16 bytes read, 5 bits of entropy available)
[    2.911802] random: udevadm: uninitialized urandom read (16 bytes read, 5 bits of entropy available)
[    2.912019] random: udevadm: uninitialized urandom read (16 bytes read, 5 bits of entropy available)
[    2.912204] random: udevadm: uninitialized urandom read (16 bytes read, 5 bits of entropy available)
[    3.009738] e1000: Intel(R) PRO/1000 Network Driver - version 7.3.21-k8-NAPI
[    3.015121] e1000: Copyright (c) 1999-2006 Intel Corporation.
[    3.019669] Fusion MPT base driver 3.04.20
[    3.023787] Copyright (c) 1999-2008 LSI Corporation
[    3.035724] Fusion MPT SPI Host driver 3.04.20
[    3.081792] AVX2 version of gcm_enc/dec engaged.
[    3.085533] AES CTR mode by8 optimization enabled
[    3.287744] input: ImExPS/2 Generic Explorer Mouse as /devices/platform/i8042/serio1/input/input4
[    3.577286] e1000 0000:00:03.0 eth0: (PCI:33MHz:32-bit) 02:be:82:6b:cc:1d
[    3.582188] e1000 0000:00:03.0 eth0: Intel(R) PRO/1000 Network Connection
[    3.590090] e1000 0000:00:03.0 enp0s3: renamed from eth0
[    3.594533] mptbase: ioc0: Initiating bringup
[    3.667971] ioc0: LSI53C1030 A0: Capabilities={Initiator}
[    3.840779] scsi host2: ioc0: LSI53C1030 A0, FwRev=00000000h, Ports=1, MaxQ=256, IRQ=20
[    3.959709] scsi 2:0:0:0: Direct-Access     VBOX     HARDDISK         1.0  PQ: 0 ANSI: 5
[    3.975391] scsi target2:0:0: Beginning Domain Validation
[    3.981615] scsi target2:0:0: Domain Validation skipping write tests
[    3.986197] scsi target2:0:0: Ending Domain Validation
[    3.990470] scsi target2:0:0: asynchronous
[    3.994487] scsi 2:0:1:0: Direct-Access     VBOX     HARDDISK         1.0  PQ: 0 ANSI: 5
[    4.000295] scsi target2:0:1: Beginning Domain Validation
[    4.006851] scsi target2:0:1: Domain Validation skipping write tests
[    4.011079] scsi target2:0:1: Ending Domain Validation
[    4.015099] scsi target2:0:1: asynchronous
[    4.032140] sd 2:0:0:0: [sda] 83886080 512-byte logical blocks: (42.9 GB/40.0 GiB)
[    4.032349] sd 2:0:0:0: Attached scsi generic sg0 type 0
[    4.033845] sd 2:0:1:0: [sdb] 20480 512-byte logical blocks: (10.5 MB/10.0 MiB)
[    4.034355] sd 2:0:1:0: [sdb] Write Protect is off
[    4.034704] sd 2:0:1:0: [sdb] Incomplete mode parameter data
[    4.034706] sd 2:0:1:0: [sdb] Assuming drive cache: write through
[    4.037583] sd 2:0:1:0: Attached scsi generic sg1 type 0
[    4.041157] sd 2:0:1:0: [sdb] Attached SCSI disk
[    4.070562] sd 2:0:0:0: [sda] Write Protect is off
[    4.074207] sd 2:0:0:0: [sda] Incomplete mode parameter data
[    4.078462] sd 2:0:0:0: [sda] Assuming drive cache: write through
[    4.085693]  sda: sda1
[    4.089860] sd 2:0:0:0: [sda] Attached SCSI disk
Begin: Loading essential drivers ... [    5.845689] md: linear personality registered for level -1
[    5.853648] md: multipath personality registered for level -4
[    5.860824] md: raid0 personality registered for level 0
[    5.874170] md: raid1 personality registered for level 1
[    5.949846] raid6: sse2x1   gen()  9761 MB/s
[    6.021091] raid6: sse2x1   xor()  7080 MB/s
[    6.089816] raid6: sse2x2   gen() 11864 MB/s
[    6.161195] raid6: sse2x2   xor()  7642 MB/s
[    6.229113] raid6: sse2x4   gen() 12672 MB/s
[    6.297389] raid6: sse2x4   xor()  9428 MB/s
[    6.365168] raid6: avx2x1   gen() 18135 MB/s
[    6.433442] raid6: avx2x2   gen() 21318 MB/s
[    6.501442] raid6: avx2x4   gen() 24124 MB/s
[    6.505208] raid6: using algorithm avx2x4 gen() 24124 MB/s
[    6.509075] raid6: using avx2x2 recovery algorithm
[    6.515016] xor: automatically using best checksumming function:
[    6.557159]    avx       : 27083.000 MB/sec
[    6.565876] async_tx: api initialized (async)
[    6.615231] md: raid6 personality registered for level 6
[    6.624940] md: raid5 personality registered for level 5
[    6.629238] md: raid4 personality registered for level 4
[    6.650860] md: raid10 personality registered for level 10
done.
Begin: Running /scripts/init-premount ... done.
Begin: Mounting root file system ... Begin: Running /scripts/local-top ... done.
Begin: Running /scripts/local-premount ... [    6.727497] Btrfs loaded
Scanning for Btrfs filesystems
done.
Warning: fsck not present, so skipping root file system
[    6.806249] EXT4-fs (sda1): mounted filesystem with ordered data mode. Opts: (null)
done.
Begin: Running /scripts/local-bottom ... done.
Begin: Running /scripts/init-bottom ... done.
[    7.113131] systemd[1]: systemd 229 running in system mode. (+PAM +AUDIT +SELINUX +IMA +APPARMOR +SMACK +SYSVINIT +UTMP +LIBCRYPTSETUP +GCRYPT +GNUTLS +ACL +XZ -LZ4 +SECCOMP +BLKID +ELFUTILS +KMOD -IDN)
[    7.125269] systemd[1]: Detected virtualization oracle.
[    7.128978] systemd[1]: Detected architecture x86-64.

Welcome to [1mUbuntu 16.04.7 LTS[0m!

[    7.142681] systemd[1]: Set hostname to <ubuntu>.
[    7.151495] systemd[1]: Initializing machine ID from random generator.
[    7.156140] systemd[1]: Installed transient /etc/machine-id file.
[    7.591474] systemd[1]: Listening on fsck to fsckd communication Socket.
[[0;32m  OK  [0m] Listening on fsck to fsckd communication Socket.
[    7.600165] systemd[1]: Created slice User and Session Slice.
[[0;32m  OK  [0m] Created slice User and Session Slice.
[    7.606930] systemd[1]: Listening on Journal Socket (/dev/log).
[[0;32m  OK  [0m] Listening on Journal Socket (/dev/log).
[    7.613855] systemd[1]: Listening on udev Control Socket.
[[0;32m  OK  [0m] Listening on udev Control Socket.
[    7.621081] systemd[1]: Listening on Journal Audit Socket.
[[0;32m  OK  [0m] Listening on Journal Audit Socket.
[    7.627961] systemd[1]: Listening on Device-mapper event daemon FIFOs.
[[0;32m  OK  [0m] Listening on Device-mapper event daemon FIFOs.
[    7.635681] systemd[1]: Started Trigger resolvconf update for networkd DNS.
[[0;32m  OK  [0m] Started Trigger resolvconf update for networkd DNS.
[    7.644450] systemd[1]: Reached target Encrypted Volumes.
[[0;32m  OK  [0m] Reached target Encrypted Volumes.
[    7.651755] systemd[1]: Listening on /dev/initctl Compatibility Named Pipe.
[[0;32m  OK  [0m] Listening on /dev/initctl Compatibility Named Pipe.
[    7.660257] systemd[1]: Listening on Journal Socket.
[[0;32m  OK  [0m] Listening on Journal Socket.
[    7.666780] systemd[1]: Reached target Swap.
[[0;32m  OK  [0m] Reached target Swap.
[    7.672216] systemd[1]: Reached target System Time Synchronized.
[[0;32m  OK  [0m] Reached target System Time Synchronized.
[    7.680653] systemd[1]: Set up automount Arbitrary Executable File Formats File System Automount Point.
[[0;32m  OK  [0m] Set up automount Arbitrary Executab...ats File System Automount Point.
[    7.694394] systemd[1]: Listening on LVM2 metadata daemon socket.
[[0;32m  OK  [0m] Listening on LVM2 metadata daemon socket.
[    7.704818] systemd[1]: Listening on udev Kernel Socket.
[[0;32m  OK  [0m] Listening on udev Kernel Socket.
[    7.721756] systemd[1]: Listening on LVM2 poll daemon socket.
[[0;32m  OK  [0m] Listening on LVM2 poll daemon socket.
[    7.738144] systemd[1]: Started Forward Password Requests to Wall Directory Watch.
[[0;32m  OK  [0m] Started Forward Password Requests to Wall Directory Watch.
[    7.764665] systemd[1]: Created slice System Slice.
[[0;32m  OK  [0m] Created slice System Slice.
[    7.786279] systemd[1]: Starting Monitoring of LVM2 mirrors, snapshots etc. using dmeventd or progress polling...
         Starting Monitoring of LVM2 mirrors... dmeventd or progress polling...
[    7.805301] systemd[1]: Starting Create list of required static device nodes for the current kernel...
         Starting Create list of required st... nodes for the current kernel...
[    7.819114] systemd[1]: Reached target Slices.
[[0;32m  OK  [0m] Reached target Slices.
[    7.826911] systemd[1]: Created slice system-serial\x2dgetty.slice.
[[0;32m  OK  [0m] Created slice system-serial\x2dgetty.slice.
[    7.845914] systemd[1]: Starting Uncomplicated firewall...
         Starting Uncomplicated firewall...
[    7.856674] systemd[1]: Starting Nameserver information manager...
         Starting Nameserver information manager...
[    7.867856] systemd[1]: Starting Load Kernel Modules...
         Starting Load Kernel Modules...
[    7.876606] systemd[1]: Mounting POSIX Message Queue File System...
         Mounting POSIX Message Queue File System...
[    7.892390] systemd[1]: Starting Set console keymap...
         Starting Set console keymap...
[    7.901674] systemd[1]: Reached target User and Group Name Lookups.
[[0;32m  OK  [0m[    7.909629] Loading iSCSI transport class v2.0-870.
] Reached target User and Group Name Lookups.
[    7.918698] systemd[1]: Mounting Huge Pages File System...
         Mounting Huge Pages File System...
[    7.931154] systemd[1]: Mounting Debug File System...
         Mounting Debug File System...
[    7.938332] systemd[1]: Listening on Syslog Socket.
[[0;32m  OK  [0m] Listening on Syslog Socket.
[    7.948562] systemd[1]: Starting Journal Service...
         Starting Journal Service...
[    7.957000] iscsi: registered transport (tcp)
[    7.958571] systemd[1]: Starting File System Check on Root Device...
         Starting File System Check on Root Device...[    7.971446] random: nonblocking pool is initialized

[    7.976667] systemd[1]: Mounted Huge Pages File System.
[[0;32m  OK  [0m] Mounted Huge Pages File System.
[    7.991951] systemd[1]: Mounted POSIX Message Queue File System.
[[0;32m  OK  [0m] Mounted POSIX Message Queue File System.
[    8.003921] systemd[1]: Mounted Debug File System.
[[0;32m  OK  [0m] Mounted Debug File System.
[    8.013027] systemd[1]: Started Create list of required static device nodes for the current kernel.
[[0;32m  OK  [0m] Started Create list of required sta...ce nodes for the current kernel.
[    8.033517] systemd[1]: Started Uncomplicated firewall.
[[0;32m  OK  [0m] Started Uncomplicated firewall.
[    8.061245] systemd[1]: Started Journal Service.
[[0;32m  OK  [0m] Started Journal Service.
[[0;32m  OK  [0m] Started File System Check on Root Device.
[[0;32m  OK  [0m] Started Set console keymap.
[[0;32m  OK  [0m] Started Nameserver information manager.
[[0;32m  OK  [0m] Started File System Check Daemon to report status.
[[0;32m  OK  [0m] Started LVM2 metadata daemon.
         Starting Remount Root and Kernel File Systems...
         Starting Create Static Device Nodes in /dev...
[    8.132578] EXT4-fs (sda1): re-mounted. Opts: (null)
[[0;32m  OK  [0m] Started Remount Root and Kernel File Systems.
[    8.154663] iscsi: registered transport (iser)
         Starting Flush Journal to Persistent Storage...
         Starting udev Coldplug all Devices...
         Starting Load/Save Random Seed...
[[0;32m  OK  [0m] Started Load Kernel Modules.
         Starting Apply Kernel Variables...
         Mounting FUSE Control File System...
[[0;32m  OK  [0m] Started Load/Save Random Seed.
[[0;32m  OK  [0m] Mounted FUSE Control File System.
[    8.213046] systemd-journald[390]: Received request to flush runtime journal from PID 1
[[0;32m  OK  [0m] Started Flush Journal to Persistent Storage.
[[0;32m  OK  [0m] Started Create Static Device Nodes in /dev.
         Starting udev Kernel Device Manager...
[[0;32m  OK  [0m] Started Apply Kernel Variables.
[[0;32m  OK  [0m] Started udev Coldplug all Devices.
[[0;32m  OK  [0m] Started udev Kernel Device Manager.
[[0;32m  OK  [0m] Started Dispatch Password Requests to Console Directory Watch.
[[0;32m  OK  [0m] Found device /dev/ttyS0.
[[0;32m  OK  [0m] Started Monitoring of LVM2 mirrors,...ng dmeventd or progress polling.
[[0;32m  OK  [0m] Reached target Local File Systems (Pre).
[[0;32m  OK  [0m] Reached target Local File Systems.
         Starting Create Volatile Files and Directories...
         Starting Tell Plymouth To Write Out Runtime Data...
         Starting Commit a transient machine-id on disk...
         Starting Set console font and keymap...
         Starting Initial cloud-init job (pre-networking)...
         Starting LSB: AppArmor initialization...
[[0;32m  OK  [0m] Started Create Volatile Files and Directories.
[[0;32m  OK  [0m] Started Tell Plymouth To Write Out Runtime Data.
[[0;32m  OK  [0m] Started Commit a transient machine-id on disk.
[[0;32m  OK  [0m] Listening on Load/Save RF Kill Switch Status /dev/rfkill Watch.
         Starting Update UTMP about System Boot/Shutdown...
[[0;32m  OK  [0m] Started Update UTMP about System Boot/Shutdown.
[[0;32m  OK  [0m] Started Set console font and keymap.
[[0;32m  OK  [0m] Created slice system-getty.slice.
[[0;32m  OK  [0m] Started LSB: AppArmor initialization.
         Starting Load AppArmor profiles managed internally by snapd...
[[0;32m  OK  [0m] Started Load AppArmor profiles managed internally by snapd.
[   10.885435] cloud-init[616]: Cloud-init v. 21.1-19-gbad84ad4-0ubuntu1~16.04.2 running 'init-local' at Fri, 26 Jul 2024 14:48:12 +0000. Up 10.26 seconds.
[[0;32m  OK  [0m] Started Initial cloud-init job (pre-networking).
[[0;32m  OK  [0m] Reached target Network (Pre).
         Starting Raise network interfaces...
[[0;32m  OK  [0m] Started Raise network interfaces.
[[0;32m  OK  [0m] Reached target Network.
         Starting Initial cloud-init job (metadata service crawler)...
[   12.675626] cloud-init[944]: Cloud-init v. 21.1-19-gbad84ad4-0ubuntu1~16.04.2 running 'init' at Fri, 26 Jul 2024 14:48:14 +0000. Up 11.68 seconds.
[   12.682600] cloud-init[944]: ci-info: ++++++++++++++++++++++++++++++++++++++Net device info++++++++++++++++++++++++++++++++++++++
[   12.691118] cloud-init[944]: ci-info: +--------+------+----------------------------+---------------+--------+-------------------+
[   12.697980] cloud-init[944]: ci-info: | Device |  Up  |          Address           |      Mask     | Scope  |     Hw-Address    |
[   12.705143] cloud-init[944]: ci-info: +--------+------+----------------------------+---------------+--------+-------------------+
[   12.712130] cloud-init[944]: ci-info: | enp0s3 | True |         10.0.2.15          | 255.255.255.0 | global | 02:be:82:6b:cc:1d |
[   12.718741] cloud-init[944]: ci-info: | enp0s3 | True | fe80::be:82ff:fe6b:cc1d/64 |       .       |  link  | 02:be:82:6b:cc:1d |
[   12.725920] cloud-init[944]: ci-info: |   lo   | True |         127.0.0.1          |   255.0.0.0   |  host  |         .         |
[   12.732487] cloud-init[944]: ci-info: |   lo   | True |          ::1/128           |       .       |  host  |         .         |
[   12.739055] cloud-init[944]: ci-info: +--------+------+----------------------------+---------------+--------+-------------------+
[   12.746082] cloud-init[944]: ci-info: +++++++++++++++++++++++++++Route IPv4 info++++++++++++++++++++++++++++[[0;32m  OK  [0m
] [   12.753369] cloud-init[944]: ci-info: +-------+-------------+----------+---------------+-----------+-------+
[   12.754026] cloud-init[944]: ci-info: | Route | Destination | Gateway  |    Genmask    | Interface | Flags |
[   12.754564] cloud-init[944]: ci-info: +-------+-------------+----------+---------------+-----------+-------+
[   12.754910] cloud-init[944]: ci-info: |   0   |   0.0.0.0   | 10.0.2.2 |    0.0.0.0    |   enp0s3  |   UG  |
[   12.755391] cloud-init[944]: ci-info: |   1   |   10.0.2.0  | 0.0.0.0  | 255.255.255.0 |   enp0s3  |   U   |
[   12.755691] cloud-init[944]: ci-info: +-------+-------------+----------+---------------+-----------+-------+
[   12.756154] cloud-init[944]: ci-info: +++++++++++++++++++Route IPv6 info+++++++++++++++++++
[   12.756551] cloud-init[944]: ci-info: +-------+-------------+---------+-----------+-------+
[   12.756886] cloud-init[944]: ci-info: | Route | Destination | Gateway | Interface | Flags |
[   12.757282] cloud-init[944]: ci-info: +-------+-------------+---------+-----------+-------+
[   12.757694] cloud-init[944]: ci-info: |   0   |  fe80::/64  |    ::   |   enp0s3  |   U   |
[   12.758003] cloud-init[944]: ci-info: |   3   |   ff00::/8  |    ::   |   enp0s3  |   U   |
[   12.758374] cloud-init[944]: ci-info: +-------+-------------+---------+-----------+-------+
[   12.758904] cloud-init[944]: Generating public/private rsa key pair.
[   12.759258] cloud-init[944]: Your identification has been saved in /etc/ssh/ssh_host_rsa_key.
[   12.759538] cloud-init[944]: Your public key has been saved in /etc/ssh/ssh_host_rsa_key.pub.
[   12.760023] cloud-init[944]: The key fingerprint is:
[   12.762296] cloud-init[944]: SHA256:sjJIr4s8ghXxlxbGlQDZX1Uq6kmIFNiSUeOJH0Y4RAU root@ubuntu-xenial
[   12.762795] cloud-init[944]: The key's randomart image is:
[   12.763126] cloud-init[944]: +---[RSA 2048]----+
[   12.763482] cloud-init[944]: | oEXB=.o.. ....  |
[   12.763981] cloud-init[944]: |  B+o+= . .  .   |
[   12.764378] cloud-init[944]: |  .=*. + .. .    |
[   12.764795] cloud-init[944]: |  .+.o+... .     |
[   12.765147] cloud-init[944]: |  ..ooo S        |
[   12.765545] cloud-init[944]: | ..o   = .       |
[   12.765852] cloud-init[944]: |... + . o        |
[   12.766389] cloud-init[944]: |+o . o           |
[   12.766797] cloud-init[944]: |o.+.             |
[   12.767115] cloud-init[944]: +----[SHA256]-----+
[   12.767513] cloud-init[944]: Generating public/private dsa key pair.
[   12.767942] cloud-init[944]: Your identification has been saved in /etc/ssh/ssh_host_dsa_key.
[   12.768246] cloud-init[944]: Your public key has been saved in /etc/ssh/ssh_host_dsa_key.pub.
[   12.768819] cloud-init[944]: The key fingerprint is:
[   12.769147] cloud-init[944]: SHA256:CnrVW9AZgvNeerbqWiO93+Q6WsQn5llPLyrl/Qbvnu0 root@ubuntu-xenial
[   12.769536] cloud-init[944]: The key's randomart image is:
[   12.769952] cloud-init[944]: +---[DSA 1024]----+
[   12.770461] cloud-init[944]: |       .. .      |
[   12.770856] cloud-init[944]: |      o  o o     |
[   12.771386] cloud-init[944]: |       o. o      |
[   12.771783] cloud-init[944]: |       ..o.      |
[   12.772168] cloud-init[944]: |    . ..So* o .  |
[   12.772596] cloud-init[944]: |   . o oo*o=.o.. |
[   12.772959] cloud-init[944]: |  . . o =o++..oo.|
[   12.773289] cloud-init[944]: |   .   o +++....=|
[   12.773686] cloud-init[944]: |      .o=+o++  BE|
[   12.774012] cloud-init[944]: +----[SHA256]-----+
[   12.774390] cloud-init[944]: Generating public/private ecdsa key pair.
[   12.774798] cloud-init[944]: Your identification has been saved in /etc/ssh/ssh_host_ecdsa_key.
[   12.775114] cloud-init[944]: Your public key has been saved in /etc/ssh/ssh_host_ecdsa_key.pub.
[   12.775443] cloud-init[944]: The key fingerprint is:
[   12.775837] cloud-init[944]: SHA256:F2ZXtq7BRoR4e6RNFFYRt9KK2tQiQjhKIfatp0iCsM0 root@ubuntu-xenial
[   12.776247] cloud-init[944]: The key's randomart image is:
[   12.776795] cloud-init[944]: +---[ECDSA 256]---+
[   12.777187] cloud-init[944]: | o .     . o=o*o.|
[   12.777538] cloud-init[944]: |. o o . . oooo.o.|
[   12.777969] cloud-init[944]: |.  o + . .+*o..o |
[   12.778260] cloud-init[944]: |o+. o o  oo==.o  |
[   12.778784] cloud-init[944]: |+.Eo . .S..=+o.  |
[   12.779181] cloud-init[944]: |o . o   ..=..o   |
[   12.779579] cloud-init[944]: | . .     . ..    |
[   12.779898] cloud-init[944]: |                 |
[   12.780322] cloud-init[944]: |                 |
[   12.780673] cloud-init[944]: +----[SHA256]-----+
[   12.781077] cloud-init[944]: Generating public/private ed25519 key pair.
[   12.781565] cloud-init[944]: Your identification has been saved in /etc/ssh/ssh_host_ed25519_key.
[   12.781951] cloud-init[944]: Your public key has been saved in /etc/ssh/ssh_host_ed25519_key.pub.
[   12.782407] cloud-init[944]: The key fingerprint is:
[   12.782812] cloud-init[944]: SHA256:Zk9aNMP9Fyt4l0uAywBUvdX7/fA6rqB3aArl+uw9OYk root@ubuntu-xenial
[   12.783128] cloud-init[944]: The key's randomart image is:
[   12.783521] cloud-init[944]: +--[ED25519 256]--+
[   12.783835] cloud-init[944]: |      .o...   .  |
[   12.784235] cloud-init[944]: |        .. o.. . |
[   12.784622] cloud-init[944]: |         .=.+. ..|
[   12.785055] cloud-init[944]: |         .o+o...+|
[   12.785509] cloud-init[944]: |        S o+ o.=+|
Started Initial cloud-init job (metadata service crawler).
[   12.876649] cloud-init[944]: |       = =  . =.+|
[   12.883676] cloud-init[944]: |      . o.o+   +.|
[   12.883981] cloud-init[944]: |       +EoO.. . o|
[   12.886121] cloud-init[944]: |      .o*+.+.ooo |
[   12.886372] cloud-init[944]: +----[SHA256]-----+
[[0;32m  OK  [0m] Reached target Network is Online.
         Starting iSCSI initiator daemon (iscsid)...
[[0;32m  OK  [0m] Reached target Cloud-config availability.
[[0;32m  OK  [0m] Reached target System Initialization.
         Starting LXD - unix socket.
         Starting Socket activation for snappy daemon.
[[0;32m  OK  [0m] Started ACPI Events Check.
[[0;32m  OK  [0m] Reached target Paths.
[[0;32m  OK  [0m] Started Daily Cleanup of Temporary Directories.
[[0;32m  OK  [0m] Started Message of the Day.
[[0;32m  OK  [0m] Listening on ACPID Listen Socket.
[[0;32m  OK  [0m] Listening on D-Bus System Message Bus Socket.
[[0;32m  OK  [0m] Listening on UUID daemon activation socket.
[[0;32m  OK  [0m] Started Ubuntu Advantage update messaging.
[[0;32m  OK  [0m] Started Daily apt download activities.
[[0;32m  OK  [0m] Started Daily apt upgrade and clean activities.
[[0;32m  OK  [0m] Reached target Timers.
[[0;32m  OK  [0m] Listening on LXD - unix socket.
[[0;32m  OK  [0m] Listening on Socket activation for snappy daemon.
[[0;32m  OK  [0m] Started iSCSI initiator daemon (iscsid).
         Starting Login to default iSCSI targets...
[[0;32m  OK  [0m] Reached target Sockets.
[[0;32m  OK  [0m] Reached target Basic System.
         Starting Virtualbox guest utils...
[[0;32m  OK  [0m] Started Regular background program processing daemon.
         Starting System Logging Service...
         Starting /etc/rc.local Compatibility...
         Starting Accounts Service...
[[0;32m  OK  [0m] Started D-Bus System Message Bus.
[[0;32m  OK  [0m] Started FUSE filesystem for LXC.
         Starting Pollinate to seed the pseudo random number generator...
[[0;32m  OK  [0m] Started ACPI event daemon.
         Starting Login Service...
         Starting LSB: MD monitoring daemon...
         Starting Snap Daemon...
[[0;32m  OK  [0m] Started Deferred execution scheduler.
         Starting LSB: Record successful boot for GRUB...
         Starting LXD - container startup/shutdown...
[[0;32m  OK  [0m] Started System Logging Service.
[[0;32m  OK  [0m] Started /etc/rc.local Compatibility.
[[0;32m  OK  [0m] Started Login Service.
[[0;32m  OK  [0m] Started Unattended Upgrades Shutdown.
         Starting Authenticate and Authorize Users to Run Privileged Tasks...
[[0;32m  OK  [0m] Started Login to default iSCSI targets.
[[0;32m  OK  [0m] Reached target Remote File Systems (Pre).
[[0;32m  OK  [0m] Reached target Remote File Systems.
         Starting LSB: automatic crash report generation...
         Starting LSB: Set the CPU Frequency Scaling governor to "ondemand"...
         Starting LSB: daemon to balance interrupts for SMP systems...
         Starting Permit User Sessions...
[[0;32m  OK  [0m] Started LSB: Record successful boot for GRUB.
[[0;32m  OK  [0m] Started LSB: MD monitoring daemon.
[[0;32m  OK  [0m] Started Permit User Sessions.
         Starting Hold until boot process finishes up...
         Starting Terminate Plymouth Boot Screen...
[[0;32m  OK  [0m] Started Hold until boot process finishes up.
[[0;32m  OK  [0m] Started Getty on tty1.
[[0;32m  OK  [0m] Started Serial Getty on ttyS0.
[[0;32m  OK  [0m] Reached target Login Prompts.
         Starting Set console scheme...
[[0;32m  OK  [0m] Started Terminate Plymouth Boot Screen.
[[0;32m  OK  [0m] Started Authenticate and Authorize Users to Run Privileged Tasks.
[[0;32m  OK  [0m] Started Accounts Service.
[[0;32m  OK  [0m] Started LSB: Set the CPU Frequency Scaling governor to "ondemand".
[[0;32m  OK  [0m] Started Set console scheme.
[[0;32m  OK  [0m] Started LSB: automatic crash report generation.
[[0;32m  OK  [0m] Started LSB: daemon to balance interrupts for SMP systems.
[[0;32m  OK  [0m] Started LXD - container startup/shutdown.
[[0;32m  OK  [0m] Started Virtualbox guest utils.
[[0;32m  OK  [0m] Started Snap Daemon.
         Starting Wait until snapd is fully seeded...
[[0;32m  OK  [0m] Started Pollinate to seed the pseudo random number generator.
         Starting OpenBSD Secure Shell server...
[[0;32m  OK  [0m] Started OpenBSD Secure Shell server.
[[0;32m  OK  [0m] Started Wait until snapd is fully seeded.
[[0;32m  OK  [0m] Reached target Multi-User System.
[[0;32m  OK  [0m] Reached target Graphical Interface.
         Starting Update UTMP about System Runlevel Changes...
         Starting Apply the settings specified in cloud-config...
[[0;32m  OK  [0m] Started Update UTMP about System Runlevel Changes.
[   17.114102] cloud-init[1294]: Generating locales (this might take a while)...
[[0;32m  OK  [0m] Created slice User Slice of vagrant.
[[0;32m  OK  [0m] Started Session 1 of user vagrant.
         Starting User Manager for UID 1000...
[[0;32m  OK  [0m] Started User Manager for UID 1000.
[   18.487604] cloud-init[1294]:   en_US.UTF-8... done
[   18.581424] cloud-init[1294]: Generation complete.
[   19.308265] cloud-init[1294]: Cloud-init v. 21.1-19-gbad84ad4-0ubuntu1~16.04.2 running 'modules:config' at Fri, 26 Jul 2024 14:48:19 +0000. Up 16.93 seconds.

Ubuntu 16.04.7 LTS ubuntu-xenial ttyS0

ubuntu-xenial login: ci-info: no authorized SSH keys fingerprints found for user ubuntu.
<14>Jul 26 14:48:22 ec2: 
<14>Jul 26 14:48:22 ec2: #############################################################
<14>Jul 26 14:48:22 ec2: -----BEGIN SSH HOST KEY FINGERPRINTS-----
<14>Jul 26 14:48:22 ec2: 1024 SHA256:CnrVW9AZgvNeerbqWiO93+Q6WsQn5llPLyrl/Qbvnu0 root@ubuntu-xenial (DSA)
<14>Jul 26 14:48:22 ec2: 256 SHA256:F2ZXtq7BRoR4e6RNFFYRt9KK2tQiQjhKIfatp0iCsM0 root@ubuntu-xenial (ECDSA)
<14>Jul 26 14:48:22 ec2: 256 SHA256:Zk9aNMP9Fyt4l0uAywBUvdX7/fA6rqB3aArl+uw9OYk root@ubuntu-xenial (ED25519)
<14>Jul 26 14:48:22 ec2: 2048 SHA256:sjJIr4s8ghXxlxbGlQDZX1Uq6kmIFNiSUeOJH0Y4RAU root@ubuntu-xenial (RSA)
<14>Jul 26 14:48:22 ec2: -----END SSH HOST KEY FINGERPRINTS-----
<14>Jul 26 14:48:22 ec2: #############################################################
-----BEGIN SSH HOST KEY KEYS-----
ecdsa-sha2-nistp256 AAAAE2VjZHNhLXNoYTItbmlzdHAyNTYAAAAIbmlzdHAyNTYAAABBBEhSsx9BvV0595s9lOvCDzOvF1YObryYEG+OTI6iu/2/m5fzYQ6fQsVMg6CBi5WtznshcuVfYW1PlUcbPIJC4W4= root@ubuntu-xenial
ssh-ed25519 AAAAC3NzaC1lZDI1NTE5AAAAIIHIjvKv4y3le+XZoTmhKdSAOizmhGizA0JgHqnTVJvo root@ubuntu-xenial
ssh-rsa AAAAB3NzaC1yc2EAAAADAQABAAABAQDcz8ythGoAsGfqxkramhQvrfCj0CqODBBqJwKkBxGrPlWCjaGkIv5JIfYxKKi5R9WMMZkPD67QCGCDIZ+BYA1jkNzw761pmzkIZ8utN5+dcaEJvTdLbuzXTsiSomZcuwZIH01yWMuONbCJWe0oA3/6dig0P21dkyjUSZLS8Y5lPu4DTI7oKtG8Ot3XVQ19huZQXsWNRLDJ5Y7T3LaduwFCQyJtCJqigwf20OP+83AC9uzmYc7WttfGSm1rzCXT+nx0/bKirhz17nB1xlKQlvpsHOIosDuPak3dXt9GxqFoSbVizm9i6riTnH7c8apMOoIwrwzeBGibfcK8Nt34f65n root@ubuntu-xenial
-----END SSH HOST KEY KEYS-----
[   20.204016] cloud-init[1475]: Cloud-init v. 21.1-19-gbad84ad4-0ubuntu1~16.04.2 running 'modules:final' at Fri, 26 Jul 2024 14:48:22 +0000. Up 19.90 seconds.
[   20.204417] cloud-init[1475]: ci-info: no authorized SSH keys fingerprints found for user ubuntu.
[   20.204770] cloud-init[1475]: Cloud-init v. 21.1-19-gbad84ad4-0ubuntu1~16.04.2 finished at Fri, 26 Jul 2024 14:48:22 +0000. Datasource DataSourceNoCloud [seed=/dev/sdb][dsmode=net].  Up 20.18 seconds
[[0;32m  OK  [0m] Closed Load/Save RF Kill Switch Status /dev/rfkill Watch.
[[0;32m  OK  [0m] Stopped target Cloud-init target.
[[0;32m  OK  [0m] Stopped target Timers.
[[0;32m  OK  [0m] Stopped Message of the Day.
[[0;32m  OK  [0m] Stopped Ubuntu Advantage update messaging.
[[0;32m  OK  [0m] Stopped Daily apt upgrade and clean activities.
[[0;32m  OK  [0m] Stopped Execute cloud user/final scripts.
         Stopping Authenticate and Authorize Users to Run Privileged Tasks...
         Stopping Session 3 of user vagrant.
[[0;32m  OK  [0m] Stopped Apply the settings specified in cloud-config.
[[0;32m  OK  [0m] Stopped target Cloud-config availability.
[[0;32m  OK  [0m] Stopped Daily Cleanup of Temporary Directories.
[[0;32m  OK  [0m] Stopped target Graphical Interface.
         Stopping ACPI event daemon...
         Stopping Accounts Service...
         Stopping User Manager for UID 1000...
[[0;32m  OK  [0m] Stopped target Multi-User System.
         Stopping System Logging Service...
         Stopping LXD - container startup/shutdown...
         Stopping LSB: MD monitoring daemon...
         Stopping Virtualbox guest utils...
         Stopping Regular background program processing daemon...
         Stopping LSB: daemon to balance interrupts for SMP systems...
[[0;32m  OK  [0m] Stopped target Login Prompts.
         Stopping Getty on tty1...
         Stopping Serial Getty on ttyS0...
[[0;32m  OK  [0m] Stopped Wait until snapd is fully seeded.
         Stopping FUSE filesystem for LXC...
         Stopping D-Bus System Message Bus...
         Stopping LSB: Set the CPU Frequency Scaling governor to "ondemand"...
         Stopping Unattended Upgrades Shutdown...
         Stopping LSB: Record successful boot for GRUB...
         Stopping Deferred execution scheduler...
         Stopping OpenBSD Secure Shell server...
         Stopping LSB: automatic crash report generation...
[[0;32m  OK  [0m] Stopped Daily apt download activities.
[[0;32m  OK  [0m] Stopped target System Time Synchronized.
[[0;32m  OK  [0m] Unmounted /var/lib/lxcfs.
[[0;32m  OK  [0m] Stopped Regular background program processing daemon.
[[0;32m  OK  [0m] Stopped System Logging Service.
[[0;32m  OK  [0m] Stopped Accounts Service.
[[0;32m  OK  [0m] Stopped ACPI event daemon.
[[0;32m  OK  [0m] Stopped Deferred execution scheduler.
[[0;32m  OK  [0m] Stopped Unattended Upgrades Shutdown.
[[0;32m  OK  [0m] Stopped Authenticate and Authorize Users to Run Privileged Tasks.
[[0;32m  OK  [0m] Stopped Getty on tty1.
[[0;32m  OK  [0m] Stopped Serial Getty on ttyS0.
[[0;32m  OK  [0m] Stopped OpenBSD Secure Shell server.
[[0;32m  OK  [0m] Stopped User Manager for UID 1000.
[[0;32m  OK  [0m] Stopped Session 3 of user vagrant.
[[0;32m  OK  [0m] Stopped D-Bus System Message Bus.
[[0;32m  OK  [0m] Stopped FUSE filesystem for LXC.
[[0;32m  OK  [0m] Stopped LXD - container startup/shutdown.
[[0;32m  OK  [0m] Stopped LSB: MD monitoring daemon.
[[0;32m  OK  [0m] Stopped LSB: Set the CPU Frequency Scaling governor to "ondemand".
[[0;32m  OK  [0m] Stopped LSB: daemon to balance interrupts for SMP systems.
[[0;32m  OK  [0m] Stopped LSB: Record successful boot for GRUB.
[[0;32m  OK  [0m] Stopped LSB: automatic crash report generation.
[[0;32m  OK  [0m] Removed slice User Slice of vagrant.
[[0;32m  OK  [0m] Removed slice system-serial\x2dgetty.slice.
[[0;32m  OK  [0m] Removed slice system-getty.slice.
         Stopping Permit User Sessions...
[[0;32m  OK  [0m] Stopped /etc/rc.local Compatibility.
         Stopping Login Service...
[[0;32m  OK  [0m] Stopped Virtualbox guest utils.
[[0;32m  OK  [0m] Stopped Permit User Sessions.
[[0;32m  OK  [0m] Stopped target Remote File Systems.
[[0;32m  OK  [0m] Stopped Login Service.
[[0;32m  OK  [0m] Stopped target Basic System.
[[0;32m  OK  [0m] Stopped target Sockets.
[[0;32m  OK  [0m] Closed ACPID Listen Socket.
[[0;32m  OK  [0m] Closed LXD - unix socket.
[[0;32m  OK  [0m] Closed UUID daemon activation socket.
[[0;32m  OK  [0m] Closed Syslog Socket.
[[0;32m  OK  [0m] Closed Socket activation for snappy daemon.
[[0;32m  OK  [0m] Stopped target Paths.
[[0;32m  OK  [0m] Stopped Dispatch Password Requests to Console Directory Watch.
[[0;32m  OK  [0m] Stopped ACPI Events Check.
[[0;32m  OK  [0m] Stopped Forward Password Requests to Wall Directory Watch.
[[0;32m  OK  [0m] Stopped target Slices.
[[0;32m  OK  [0m] Removed slice User and Session Slice.
[[0;32m  OK  [0m] Closed D-Bus System Message Bus Socket.
[[0;32m  OK  [0m] Stopped target System Initialization.
[[0;32m  OK  [0m] Stopped target Swap.
[[0;32m  OK  [0m] Stopped Create Volatile Files and Directories.
         Stopping Load/Save Random Seed...
[[0;32m  OK  [0m] Stopped Commit a transient machine-id on disk.
[[0;32m  OK  [0m] Stopped Initial cloud-init job (metadata service crawler).
         Stopping Raise network interfaces...
[[0;32m  OK  [0m] Stopped target Encrypted Volumes.
[[0;32m  OK  [0m] Stopped target User and Group Name Lookups.
[[0;32m  OK  [0m] Stopped Load/Save Random Seed.
[[0;32m  OK  [0m] Stopped Raise network interfaces.
[[0;32m  OK  [0m] Stopped target Network (Pre).
[[0;32m  OK  [0m] Stopped Initial cloud-init job (pre-networking).
[[0;32m  OK  [0m] Stopped Apply Kernel Variables.
[[0;32m  OK  [0m] Stopped target Local File Systems.
         Unmounting /run/user/1000...
         Unmounting /vagrant...
[[0;32m  OK  [0m] Stopped Load Kernel Modules.
[[0;32m  OK  [0m] Unmounted /run/user/1000.
[[0;32m  OK  [0m] Unmounted /vagrant.
[[0;32m  OK  [0m] Reached target Unmount All Filesystems.
[[0;32m  OK  [0m] Stopped target Local File Systems (Pre).
         Stopping Monitoring of LVM2 mirrors... dmeventd or progress polling...
[[0;32m  OK  [0m] Stopped Create Static Device Nodes in /dev.
[[0;32m  OK  [0m] Stopped Remount Root and Kernel File Systems.
[[0;32m  OK  [0m] Stopped target Remote File Systems (Pre).
         Stopping Login to default iSCSI targets...
[[0;32m  OK  [0m] Stopped Monitoring of LVM2 mirrors,...ng dmeventd or progress polling.
         Stopping LVM2 metadata daemon...
[[0;32m  OK  [0m] Stopped LVM2 metadata daemon.
[[0;32m  OK  [0m] Stopped Login to default iSCSI targets.
[[0;32m  OK  [0m] Reached target Shutdown.
[ 2412.347010] reboot: Power down
